batvolarray	0x100000e8	data	8	gadc_voltage.o(.data)
asd	0x1000026f	data	1	io_iic.o(.data)
sum	0x100003d2	data	1	2037block.o(.data)
local_flag_quite	0x10000414	data	1	part2_abs_soc.o(.data)
_errno	0x1000045c	data	4	errno.o(.data)
STACK	0x10000618	data	1024	startup_tcb010a.o(STACK)
SystemCoreClock	0x100000c0	data	4	system_tcb010a.o(.data)
g_LPFlag	0x100000c4	data	2	lowpower.o(.data)
g_cmp_iwake	0x100000c6	data	1	lowpower.o(.data)
g_hibernate_cnt	0x100000c7	data	1	lowpower.o(.data)
Debug_data	0x100000c8	data	20	i2c_communication.o(.data)
manual_scan_chs	0x100000dc	data	4	gadc_voltage.o(.data)
valp	0x100000e0	data	2	gadc_voltage.o(.data)
valn	0x100000e2	data	2	gadc_voltage.o(.data)
g_gadcisworking	0x100000e4	data	1	gadc_voltage.o(.data)
g_batvol_gain_factor	0x100000e6	data	2	gadc_voltage.o(.data)
tp_delta	0x100000f0	data	4	tsensor.o(.data)
TsenCode0_ft1	0x100000f4	data	2	tsensor.o(.data)
tptrimvalue	0x100000f8	data	4	tsensor.o(.data)
trimtemperature	0x100000fc	data	2	tsensor.o(.data)
nCmd	0x10000100	data	1	i2c.o(.data)
nIndex	0x10000101	data	1	i2c.o(.data)
nPos	0x10000102	data	1	i2c.o(.data)
nReadLen	0x10000104	data	2	i2c.o(.data)
nWriteLen	0x10000106	data	2	i2c.o(.data)
crc_resultM	0x10000108	data	2	i2c.o(.data)
crc_resultS	0x1000010a	data	2	i2c.o(.data)
bank_number	0x1000010c	data	1	i2c.o(.data)
MACDataChecksum	0x1000010d	data	1	i2c.o(.data)
MACDataLength	0x1000010e	data	1	i2c.o(.data)
g_flagISR	0x10000110	data	4	i2c.o(.data)
g_i2cRecvCnt	0x10000114	data	2	i2c.o(.data)
isfirstrxreq	0x10000116	data	1	i2c.o(.data)
st_power	0x10000118	data	8	i2c.o(.data)
g_rtcISR	0x10000120	data	4	i2c.o(.data)
g_wakeupSource	0x10000124	data	1	i2c.o(.data)
g_i2cIsActive	0x10000128	data	4	i2c.o(.data)
u8RecvCnt	0x1000012c	data	1	i2c.o(.data)
u8SendCnt	0x1000012d	data	1	i2c.o(.data)
buf_cmd	0x10000130	data	6	i2c.o(.data)
user_CMD	0x10000136	data	2	i2c.o(.data)
cmd_mask_time	0x10000138	data	2	i2c.o(.data)
CycleModeEN	0x1000013a	data	1	i2c.o(.data)
CycleModeMASK_ms	0x1000013c	data	2	i2c.o(.data)
CycleModepro_ms	0x1000013e	data	2	i2c.o(.data)
OXCAC_ms	0x10000140	data	2	i2c.o(.data)
SWD_EN_ms	0x10000142	data	2	i2c.o(.data)
cmd_data	0x10000144	data	4	i2c.o(.data)
ATkey	0x10000148	data	4	i2c.o(.data)
iic_flag	0x1000014c	data	1	i2c.o(.data)
iic_pro	0x1000014d	data	1	i2c.o(.data)
iicTimeout	0x1000014e	data	2	i2c.o(.data)
R_data	0x10000150	data	1	i2c.o(.data)
waitACK	0x10000151	data	1	i2c.o(.data)
Reg_addr	0x10000152	data	1	i2c.o(.data)
block65	0x10000153	data	1	i2c.o(.data)
block74	0x10000154	data	1	i2c.o(.data)
class_3E	0x10000155	data	1	i2c.o(.data)
block_3F	0x10000156	data	1	i2c.o(.data)
u8State	0x10000157	data	1	i2c.o(.data)
x61_mark	0x10000158	data	1	i2c.o(.data)
x83_mark	0x10000159	data	1	i2c.o(.data)
x83_Alifve_ms	0x1000015a	data	2	i2c.o(.data)
x83_data_ms	0x1000015c	data	2	i2c.o(.data)
x06_mark	0x1000015e	data	1	i2c.o(.data)
delay_save_ms	0x10000160	data	2	i2c.o(.data)
wait_save_flag	0x10000162	data	1	i2c.o(.data)
time	0x10000164	data	2	main.o(.data)
is2037check_ms	0x10000166	data	2	main.o(.data)
ticRTC_cnt	0x10000168	data	2	main.o(.data)
tickerr_cnt	0x1000016a	data	2	main.o(.data)
_1s_cnt	0x1000016c	data	2	main.o(.data)
_1s_flag	0x1000016e	data	1	main.o(.data)
gadc_bat_out	0x10000170	data	2	main.o(.data)
gadc_bat_out1	0x10000172	data	2	main.o(.data)
gadc_bat_out2	0x10000174	data	2	main.o(.data)
gadc_ts_out	0x10000176	data	2	main.o(.data)
gadc_tp_out	0x10000178	data	2	main.o(.data)
g_cadc_out	0x1000017c	data	4	main.o(.data)
g_cadc_CHA	0x10000180	data	4	main.o(.data)
g_cadc_CHB	0x10000184	data	4	main.o(.data)
g_1s_wakeup	0x10000188	data	1	main.o(.data)
g_hprefval	0x1000018a	data	2	main.o(.data)
Vol_debug	0x1000018c	data	2	main.o(.data)
Cur_debug	0x1000018e	data	2	main.o(.data)
Addr_aa	0x10000190	data	2	main.o(.data)
sleep_mask_ms	0x10000192	data	2	main.o(.data)
sleep_ms	0x10000194	data	2	main.o(.data)
sleep_flag	0x10000196	data	2	main.o(.data)
inttoggle	0x10000198	data	2	io_ctrl.o(.data)
bBTP_INT	0x1000019a	data	1	io_ctrl.o(.data)
bBTP_SOC	0x1000019b	data	1	io_ctrl.o(.data)
isPD_nc	0x1000019c	data	1	io_ctrl.o(.data)
Config	0x100001a0	data	140	config.o(.data)
CRC8Code	0x1000022c	data	1	config.o(.data)
CRC8Code1	0x1000022d	data	1	config.o(.data)
random	0x10000230	data	4	config.o(.data)
randomUp	0x10000234	data	2	config.o(.data)
randomDown	0x10000236	data	2	config.o(.data)
randomok	0x10000238	data	1	config.o(.data)
unAnth_runmask	0x1000023a	data	2	config.o(.data)
unAnth_Tick	0x1000023c	data	2	config.o(.data)
pUID	0x10000240	data	4	config.o(.data)
licence_ck	0x10000244	data	4	config.o(.data)
sn2037_designCap	0x10000248	data	2	var.o(.data)
sn2037_Cycle	0x1000024a	data	2	var.o(.data)
sn2037_NCC	0x1000024c	data	2	var.o(.data)
sn2037_FCC	0x1000024e	data	2	var.o(.data)
sn2037_RMC	0x10000250	data	2	var.o(.data)
RunTime	0x10000252	data	7	var.o(.data)
Syn_flag	0x1000025a	data	1	io_iic.o(.data)
initFlag	0x1000025b	data	1	io_iic.o(.data)
powerFlag	0x1000025c	data	1	io_iic.o(.data)
X61_Event	0x1000025d	data	1	io_iic.o(.data)
XAF_Event	0x1000025e	data	1	io_iic.o(.data)
XAF_Time_S	0x10000260	data	2	io_iic.o(.data)
X61_Time_S	0x10000262	data	2	io_iic.o(.data)
ScanTime_S	0x10000264	data	2	io_iic.o(.data)
Time_S	0x10000266	data	2	io_iic.o(.data)
powerHalt	0x10000268	data	1	io_iic.o(.data)
powerbak	0x10000269	data	1	io_iic.o(.data)
check2037ok	0x1000026a	data	1	io_iic.o(.data)
b_iicTimeout	0x1000026c	data	2	io_iic.o(.data)
F0	0x1000026e	data	1	io_iic.o(.data)
combuf_4byte	0x10000270	data	4	data_2037.o(.data)
X4CH	0x10000274	data	6	data_2037.o(.data)
X90H	0x1000027a	data	22	data_2037.o(.data)
X91H	0x10000290	data	22	data_2037.o(.data)
X95H	0x100002a6	data	22	data_2037.o(.data)
X60_sta	0x100002bc	data	6	data_2037.o(.data)
X61W	0x100002c2	data	34	data_2037.o(.data)
x61_flag	0x100002e4	data	1	data_2037.o(.data)
x61_count_ms	0x100002e6	data	2	data_2037.o(.data)
X62R	0x100002e8	data	34	data_2037.o(.data)
X63R	0x1000030a	data	34	data_2037.o(.data)
X64R	0x1000032c	data	34	data_2037.o(.data)
COM_data	0x10000350	data	4	data_2037.o(.data)
flag_x82	0x10000354	data	1	data_2037.o(.data)
I_bak	0x10000356	data	2	data_2037.o(.data)
myTemp	0x10000358	data	2	data_2037.o(.data)
myVoltage	0x1000035a	data	2	data_2037.o(.data)
myCurrent	0x1000035c	data	2	data_2037.o(.data)
AV_Current	0x1000035e	data	2	data_2037.o(.data)
wait_CSL_flag	0x10000360	data	1	data_2037.o(.data)
ip12_73block	0x10000364	data	32	ip12table.o(.data)
rlen	0x10000384	data	1	ip12table.o(.data)
pData	0x10000388	data	4	ip12table.o(.data)
pdata	0x1000038c	data	4	ip12table.o(.data)
L	0x10000390	data	1	ip12table.o(.data)
len	0x10000391	data	1	ip12table.o(.data)
datau16	0x10000392	data	2	ip12table.o(.data)
datau16_2	0x10000394	data	2	ip12table.o(.data)
batterymode_flags	0x10000398	data	2	ip12type.o(.data)
batstatus_flags	0x1000039c	data	2	ip12type.o(.data)
chargestatus_flags	0x100003a0	data	4	ip12type.o(.data)
pulserstatus_flags	0x100003a4	data	4	ip12type.o(.data)
notchargingreason_flags	0x100003a8	data	4	ip12type.o(.data)
accessmodeinfo_flags	0x100003ac	data	2	ip12type.o(.data)
failurealert_flags	0x100003b0	data	4	ip12type.o(.data)
failure_flags	0x100003b4	data	4	ip12type.o(.data)
flags_flags	0x100003b8	data	2	ip12type.o(.data)
itmiscstatus_flags	0x100003bc	data	2	ip12type.o(.data)
algorithm_status_flags	0x100003c0	data	4	ip12type.o(.data)
my_NCC	0x100003c4	data	2	2037block.o(.data)
blockBUF	0x100003c8	data	4	2037block.o(.data)
FET_STA	0x100003cc	data	1	2037block.o(.data)
X66_D0_SOC	0x100003cd	data	1	2037block.o(.data)
Debug_info_addrL	0x100003ce	data	2	2037block.o(.data)
Debug_len	0x100003d0	data	2	2037block.o(.data)
LV_DSG_cnt	0x100003d4	data	1	ocv.o(.data)
LV_DSG_adj_delay	0x100003d5	data	1	ocv.o(.data)
waitinit	0x100003d6	data	1	ocv.o(.data)
SOC_target	0x100003d7	data	1	ocv.o(.data)
F_free_shfit	0x100003d8	data	2	ocv.o(.data)
F_free_cnt5	0x100003da	data	2	ocv.o(.data)
F_free_cnt30	0x100003dc	data	2	ocv.o(.data)
F_free_cnt8min	0x100003de	data	2	ocv.o(.data)
t	0x100003e0	data	4	ocv.o(.data)
cnt30s_ts	0x100003e4	data	1	part1_basesoc.o(.data)
cnt30s_f	0x100003e5	data	1	part1_basesoc.o(.data)
V3_5	0x100003e8	data	4	part1_basesoc.o(.data)
V3_43	0x100003ec	data	4	part1_basesoc.o(.data)
adjust_1s	0x100003f0	data	2	part1_basesoc.o(.data)
fullflag	0x100003f4	data	4	part2_abs_soc.o(.data)
full_mAh	0x100003f8	data	4	part2_abs_soc.o(.data)
full_lock	0x100003fc	data	1	part2_abs_soc.o(.data)
emptyflag	0x10000400	data	4	part2_abs_soc.o(.data)
empty_mAh	0x10000404	data	4	part2_abs_soc.o(.data)
empty_lock	0x10000408	data	1	part2_abs_soc.o(.data)
empty_lock_delay	0x1000040a	data	2	part2_abs_soc.o(.data)
DOD0_mAh	0x1000040c	data	4	part2_abs_soc.o(.data)
synflag	0x10000410	data	1	part2_abs_soc.o(.data)
MaskVoltage_ms	0x10000412	data	2	part2_abs_soc.o(.data)
p4_fullMask	0x10000416	data	2	part4_avisoc.o(.data)
p4mode	0x10000418	data	1	part4_avisoc.o(.data)
p3modebak	0x10000419	data	1	part4_avisoc.o(.data)
isfristEmptyFull	0x1000041a	data	1	part4_avisoc.o(.data)
Fgic_syn	0x1000041c	data	1	soc_lib.o(.data)
AfeData	0x10000420	data	12	soc_lib.o(.data)
test_Current_mA	0x1000042c	data	4	soc_lib.o(.data)
test_Capcity_mAH	0x10000430	data	4	soc_lib.o(.data)
test_time_s	0x10000434	data	2	soc_lib.o(.data)
_mah_	0x10000438	data	4	soc_lib.o(.data)
timeToFull	0x1000043c	data	2	soc_lib.o(.data)
timeToEmpty	0x1000043e	data	2	soc_lib.o(.data)
A	0x10000440	data	8	vol_familytrim.o(.data)
B	0x10000448	data	8	vol_familytrim.o(.data)
C	0x10000450	data	8	vol_familytrim.o(.data)
TsenCode0_ft	0x10000458	data	2	vol_familytrim.o(.data)
Hmac_Result_T	0x10000460	data	32	hmac.o(.bss)
SBS_battery	0x10000480	data	10	calibration.o(.bss)
gCalPara	0x1000048c	data	24	calibration.o(.bss)
g_I2CRDBuf	0x100004a4	data	32	i2c.o(.bss)
g_i2cBuffRecv	0x100004c4	data	60	i2c.o(.bss)
u8Recdata	0x10000500	data	40	i2c.o(.bss)
ul_buf	0x10000528	data	32	i2c.o(.bss)
bootConfig	0x10000548	data	16	config.o(.bss)
uid	0x10000558	data	12	config.o(.bss)
IP12BA	0x10000564	data	24	ip12table.o(.bss)
multival_cell_id_info	0x1000057c	data	12	ip12type.o(.bss)
Gauge	0x10000588	data	12	2037block.o(.bss)
COMM_Block	0x10000594	data	32	2037block.o(.bss)
P1_BaseSOC	0x100005b4	data	24	part1_basesoc.o(.bss)
P2_Absolute	0x100005cc	data	40	part2_abs_soc.o(.bss)
Part4_FCC_dect	0x100005f4	data	32	part4_avisoc.o(.bss)
__initial_sp	0x10000a18	data	0	startup_tcb010a.o(STACK)
